// Jest Snapshot v1, https://goo.gl/fbAQLP

exports[`Given the OrderSummary component When it is rendered Then the SnapShot should match the rendered tree 1`] = `
<View
  style={
    Object {
      "alignItems": "center",
      "backgroundColor": "#F2D0A4",
      "marginBottom": 5,
      "marginTop": 5,
      "paddingBottom": 15,
      "paddingTop": 5,
    }
  }
>
  <Text
    style={
      Object {
        "fontFamily": "MontserratMedium",
        "fontSize": 20,
        "marginVertical": 15,
      }
    }
  >
    Resumen del pedido
  </Text>
  <View
    style={
      Object {
        "borderBottomWidth": 1,
        "flexDirection": "row",
        "justifyContent": "space-between",
        "width": "90%",
      }
    }
  >
    <View>
      <Text
        style={
          Object {
            "fontFamily": "MontserratMedium",
            "fontSize": 14,
          }
        }
      >
        Total de productos (IVA incluido)
      </Text>
      <Text
        style={
          Object {
            "fontFamily": "MontserratMedium",
            "fontSize": 14,
          }
        }
      >
        Total de envío
      </Text>
      <Text
        style={
          Object {
            "fontFamily": "MontserratMedium",
            "fontSize": 14,
          }
        }
      >
        Total sin IVA
      </Text>
      <Text
        style={
          Object {
            "fontFamily": "MontserratMedium",
            "fontSize": 14,
          }
        }
      >
         Total de impuestos
      </Text>
    </View>
    <View
      style={
        Object {
          "alignItems": "flex-end",
        }
      }
    >
      <Text
        style={
          Object {
            "fontFamily": "MontserratMedium",
            "fontSize": 14,
          }
        }
      >
        101.48 €
      </Text>
      <Text
        style={
          Object {
            "fontFamily": "MontserratMedium",
            "fontSize": 14,
          }
        }
      >
        Envío gratuito
      </Text>
      <Text
        style={
          Object {
            "fontFamily": "MontserratMedium",
            "fontSize": 14,
          }
        }
      >
        87.48 €
      </Text>
      <Text
        style={
          Object {
            "fontFamily": "MontserratMedium",
            "fontSize": 14,
          }
        }
      >
        14.00 €
      </Text>
    </View>
  </View>
  <View
    style={
      Object {
        "flexDirection": "row",
        "justifyContent": "space-between",
        "width": "90%",
      }
    }
  >
    <Text
      style={
        Object {
          "fontFamily": "MontserratRegular",
          "fontSize": 20,
        }
      }
    >
      Total a pagar
    </Text>
    <Text
      style={
        Object {
          "fontFamily": "MontserratRegular",
          "fontSize": 20,
        }
      }
    >
      101.48 €
    </Text>
  </View>
</View>
`;
